#-----------------------------------------------------------
# Vivado v2020.1 (64-bit)
# SW Build 2902540 on Wed May 27 19:54:49 MDT 2020
# IP Build 2902112 on Wed May 27 22:43:36 MDT 2020
# Start of session at: Wed Feb  1 17:42:03 2023
# Process ID: 2928
# Current directory: C:/Users/Scort/OneDrive/Documentos/santiago cortes tovar/trabajos/quinto semestre/sdi2/mux_compuertas/mux_compuertas
# Command line: vivado.exe -gui_launcher_event rodinguilauncherevent22692 C:\Users\Scort\OneDrive\Documentos\santiago cortes tovar\trabajos\quinto semestre\sdi2\mux_compuertas\mux_compuertas\mux_compuertas.xpr
# Log file: C:/Users/Scort/OneDrive/Documentos/santiago cortes tovar/trabajos/quinto semestre/sdi2/mux_compuertas/mux_compuertas/vivado.log
# Journal file: C:/Users/Scort/OneDrive/Documentos/santiago cortes tovar/trabajos/quinto semestre/sdi2/mux_compuertas/mux_compuertas\vivado.jou
#-----------------------------------------------------------
start_gui
open_project {C:/Users/Scort/OneDrive/Documentos/santiago cortes tovar/trabajos/quinto semestre/sdi2/mux_compuertas/mux_compuertas/mux_compuertas.xpr}
update_compile_order -fileset sources_1
reset_run synth_1
