#-----------------------------------------------------------
# Vivado v2020.1 (64-bit)
# SW Build 2902540 on Wed May 27 19:54:49 MDT 2020
# IP Build 2902112 on Wed May 27 22:43:36 MDT 2020
# Start of session at: Mon Feb  6 17:33:48 2023
# Process ID: 5504
# Current directory: C:/Users/Scort/OneDrive/Documentos/santiago cortes tovar/trabajos/quinto semestre/SDI-2/mux_compuertas/mux_compuertas
# Command line: vivado.exe -gui_launcher_event rodinguilauncherevent8956 C:\Users\Scort\OneDrive\Documentos\santiago cortes tovar\trabajos\quinto semestre\SDI-2\mux_compuertas\mux_compuertas\mux_compuertas.xpr
# Log file: C:/Users/Scort/OneDrive/Documentos/santiago cortes tovar/trabajos/quinto semestre/SDI-2/mux_compuertas/mux_compuertas/vivado.log
# Journal file: C:/Users/Scort/OneDrive/Documentos/santiago cortes tovar/trabajos/quinto semestre/SDI-2/mux_compuertas/mux_compuertas\vivado.jou
#-----------------------------------------------------------
start_gui
open_project {C:/Users/Scort/OneDrive/Documentos/santiago cortes tovar/trabajos/quinto semestre/SDI-2/mux_compuertas/mux_compuertas/mux_compuertas.xpr}
update_compile_order -fileset sources_1
reset_run impl_1
launch_runs impl_1 -jobs 2
wait_on_run impl_1
open_run impl_1
place_ports hab P17
save_constraints
reset_run impl_1
launch_runs impl_1 -to_step write_bitstream -jobs 2
wait_on_run impl_1
refresh_design
